---
source: tests/parser/main.rs
description: "// Input file:\nlibsl \"1.0.0\";\n\nlibrary ty_param_named_question_mark;\n\ntypealias Wrong<?> = VeryWrong;\n"
input_file: tests/parser/test-data/ty-param-named-question-mark.libsl
---
Err("encountered a syntax error at L5:16: unexpected token `?`")
